tests/30_extension/concrete/0104_init.c:4.2-12: { [x=2;]; }
analysis ended
