tests/30_extension/concrete/0105_init.c:6.2-12: { [x=2;y=1;]; }
analysis ended
