tests/30_extension/concrete/0106_init.c:8.2-12: { [y=13;]; }
analysis ended
