tests/30_extension/concrete/0108_noinit.c:3.2-11: { [x=0;]; }
tests/30_extension/concrete/0108_noinit.c:5.2-11: { [x=2;]; }
analysis ended
