tests/30_extension/concrete/0109_assign.c:4.2-11: { [x=4;]; }
analysis ended
