tests/30_extension/concrete/0110_assign.c:7.2-11: { [x=11;]; }
analysis ended
