stat trace: tests/30_extension/concrete/0112_rand_empty.c:3.2-17: { }
tests/30_extension/concrete/0112_rand_empty.c:4.2-11: { }
stat trace: tests/30_extension/concrete/0112_rand_empty.c:4.2-11: { }
stat trace: tests/30_extension/concrete/0112_rand_empty.c:1.0-5.1: { }
analysis ended
