tests/30_extension/concrete/0112_rand_empty.c:4.2-11: { }
analysis ended
