tests/30_extension/concrete/0113_add_rand.c:4.2-11: { [x=3;]; [x=4;]; [x=5;]; [x=6;]; }
analysis ended
