tests/30_extension/concrete/0114_incr.c:4.2-11: { [x=12;]; }
tests/30_extension/concrete/0114_incr.c:6.2-11: { [x=14;]; }
analysis ended
