tests/30_extension/concrete/0124_mul_rand.c:5.2-11: { [x=0;]; }
analysis ended
