stat trace: tests/30_extension/concrete/0131_div.c:3.2-22: { [x=-12;]; [x=12;]; }
tests/30_extension/concrete/0131_div.c:4.2-11: { [x=-12;]; [x=12;]; }
stat trace: tests/30_extension/concrete/0131_div.c:4.2-11: { [x=-12;]; [x=12;]; }
stat trace: tests/30_extension/concrete/0131_div.c:1.0-5.1: { []; }
analysis ended
