tests/30_extension/concrete/0134_else_false.c:5.2-11: { [x=10;]; }
analysis ended
