tests/30_extension/concrete/0135_else_both.c:5.2-11: { [x=5;]; [x=10;]; }
analysis ended
