tests/30_extension/concrete/0136_else_true.c:5.2-11: { [x=5;]; }
analysis ended
