tests/30_extension/concrete/0137_if_both.c:5.2-11: { [x=1;]; [x=9;]; }
analysis ended
