tests/30_extension/concrete/0138_if_two.c:6.2-13: { [x=1;y=3;]; [x=2;y=1;]; }
analysis ended
